2026-09-30T15:57:41.652Z	очікувалось 19 полів, отримано 1	ESP-ROM:esp32s3-20210327
2026-09-30T15:57:41.654Z	очікувалось 19 полів, отримано 1	Build:Mar 27 2021
2026-09-30T15:57:41.655Z	очікувалось 19 полів, отримано 2	rst:0x1 (POWERON),boot:0x8 (SPI_FAST_FLASH_BOOT)
2026-09-30T15:57:41.655Z	очікувалось 19 полів, отримано 1	SPIWP:0xee
2026-09-30T15:57:41.656Z	очікувалось 19 полів, отримано 2	mode:DIO, clock div:1
2026-09-30T15:57:41.656Z	очікувалось 19 полів, отримано 2	load:0x3fce2820,len:0x10cc
2026-09-30T15:57:41.656Z	очікувалось 19 полів, отримано 2	load:0x403c8700,len:0xc2c
2026-09-30T15:57:41.660Z	очікувалось 19 полів, отримано 2	load:0x403cb700,len:0x30b0
2026-09-30T15:57:41.660Z	очікувалось 19 полів, отримано 1	entry 0x403c88b8
2026-09-30T15:59:18.533Z	очікувалось 19 полів, отримано 1	ESP-ROM:esp32s3-20210327
2026-09-30T15:59:18.534Z	очікувалось 19 полів, отримано 1	Build:Mar 27 2021
2026-09-30T15:59:18.534Z	очікувалось 19 полів, отримано 2	rst:0x1 (POWERON),boot:0x8 (SPI_FAST_FLASH_BOOT)
2026-09-30T15:59:18.535Z	очікувалось 19 полів, отримано 1	SPIWP:0xee
2026-09-30T15:59:18.535Z	очікувалось 19 полів, отримано 2	mode:DIO, clock div:1
2026-09-30T15:59:18.536Z	очікувалось 19 полів, отримано 2	load:0x3fce2820,len:0x10cc
2026-09-30T15:59:18.536Z	очікувалось 19 полів, отримано 2	load:0x403c8700,len:0xc2c
2026-09-30T15:59:18.536Z	очікувалось 19 полів, отримано 2	load:0x403cb700,len:0x30b0
2026-09-30T15:59:18.537Z	очікувалось 19 полів, отримано 1	entry 0x403c88b8
2026-09-30T16:00:41.384Z	очікувалось 19 полів, отримано 1	ESP-ROM:esp32s3-20210327
2026-09-30T16:00:42.396Z	очікувалось 19 полів, отримано 1	Build:Mar 27 2021
2026-09-30T16:00:42.397Z	очікувалось 19 полів, отримано 2	rst:0x1 (POWERON),boot:0x8 (SPI_FAST_FLASH_BOOT)
2026-09-30T16:00:42.397Z	очікувалось 19 полів, отримано 1	SPIWP:0xee
2026-09-30T16:00:42.398Z	очікувалось 19 полів, отримано 2	mode:DIO, clock div:1
2026-09-30T16:00:42.399Z	очікувалось 19 полів, отримано 2	load:0x3fce2820,len:0x10cc
2026-09-30T16:00:42.399Z	очікувалось 19 полів, отримано 2	load:0x403c8700,len:0xc2c
2026-09-30T16:00:42.399Z	очікувалось 19 полів, отримано 2	load:0x403cb700,len:0x30b0
2026-09-30T16:00:42.400Z	очікувалось 19 полів, отримано 1	entry 0x403c88b8
2026-09-30T16:01:13.699Z	очікувалось 19 полів, отримано 1	ESP-ROM:esp32s3-20210327
2026-09-30T16:01:13.700Z	очікувалось 19 полів, отримано 1	Build:Mar 27 2021
2026-09-30T16:01:13.700Z	очікувалось 19 полів, отримано 2	rst:0x1 (POWERON),boot:0x8 (SPI_FAST_FLASH_BOOT)
2026-09-30T16:01:13.700Z	очікувалось 19 полів, отримано 1	SPIWP:0xee
2026-09-30T16:01:13.700Z	очікувалось 19 полів, отримано 2	mode:DIO, clock div:1
2026-09-30T16:01:13.701Z	очікувалось 19 полів, отримано 2	load:0x3fce2820,len:0x10cc
2026-09-30T16:01:13.701Z	очікувалось 19 полів, отримано 2	load:0x403c8700,len:0xc2c
2026-09-30T16:01:13.702Z	очікувалось 19 полів, отримано 2	load:0x403cb700,len:0x30b0
2026-09-30T16:01:13.702Z	очікувалось 19 полів, отримано 1	entry 0x403c88b8
